// Jest Snapshot v1, https://goo.gl/fbAQLP

exports[`DisasterProgramList Component Snapshot test Renders the UI as expected 1`] = `
<section
  className="dashboard-components-group item"
/>
`;
