// Jest Snapshot v1, https://goo.gl/fbAQLP

exports[`SearchForm Component Snapshot test Renders the UI as expected 1`] = `
Array [
  <h2
    className="center"
  >
    Select a Disaster Program
  </h2>,
  <form
    className=""
    onSubmit={[Function]}
  >
    
    <div
      className="search-form-inputs-group"
    />
    <button
      className="y-btn"
    >
      <i
        className="material-icons"
      >
        add_circle
      </i>
    </button>
  </form>,
]
`;
